2025-12-29 22:19:14,037 - __main__ - INFO - Created directory: data
2025-12-29 22:19:14,038 - __main__ - INFO - Kaggle API authenticated
2025-12-29 22:19:14,038 - __main__ - INFO - Downloading data to data ...
2025-12-29 22:19:50,003 - __main__ - INFO - Download complete
2025-12-29 22:19:50,004 - __main__ - INFO - Unzipping files ...
2025-12-29 22:19:52,344 - __main__ - INFO - Extracted: quora-question-pairs.zip
2025-12-29 22:19:52,359 - __main__ - INFO - Renamed initial test.csv to final.csv
2025-12-29 22:19:52,359 - __main__ - INFO - Extracting the datasets ...
2025-12-29 22:19:54,751 - __main__ - INFO - Extracted: quora-question-pairs.zip
2025-12-29 22:19:54,824 - __main__ - INFO - Extracted: sample_submission.csv.zip
2025-12-29 22:19:57,569 - __main__ - INFO - Extracted: test.csv.zip
2025-12-29 22:19:57,916 - __main__ - INFO - Extracted: train.csv.zip
2025-12-29 22:19:57,916 - __main__ - INFO - get_data() process completed successfully
2026-01-03 16:36:13,318 - __main__ - INFO - Created directory: data
2026-01-03 16:36:13,319 - __main__ - INFO - get_data() process completed successfully
2026-01-03 17:14:19,008 - __main__ - INFO - Created directory: data
2026-01-03 17:14:19,008 - __main__ - ERROR - KAGGLE_USERNAME or KAGGLE_KEY not found in .env
2026-01-03 17:14:57,358 - __main__ - INFO - Created directory: data
2026-01-03 17:14:57,359 - __main__ - INFO - Kaggle API authenticated
2026-01-03 17:14:57,359 - __main__ - INFO - Downloading data to data ...
2026-01-03 17:15:28,183 - __main__ - INFO - Download complete
2026-01-03 17:15:28,183 - __main__ - INFO - Unzipping files ...
2026-01-03 17:15:30,942 - __main__ - INFO - Extracted: quora-question-pairs.zip
2026-01-03 17:15:30,962 - __main__ - INFO - Renamed initial test.csv to final.csv
2026-01-03 17:15:30,962 - __main__ - INFO - Extracting the datasets ...
2026-01-03 17:15:33,606 - __main__ - INFO - Extracted: quora-question-pairs.zip
2026-01-03 17:15:33,694 - __main__ - INFO - Extracted: sample_submission.csv.zip
2026-01-03 17:15:36,530 - __main__ - INFO - Extracted: test.csv.zip
2026-01-03 17:15:36,905 - __main__ - INFO - Extracted: train.csv.zip
2026-01-03 17:15:36,906 - __main__ - INFO - get_data() process completed successfully
2026-01-10 14:06:49,291 - __main__ - INFO - Kaggle API authenticated
2026-01-10 14:06:49,292 - __main__ - INFO - Created directory: data
2026-01-10 14:06:49,292 - __main__ - INFO - Downloading data to data ...
2026-01-10 14:06:50,767 - __main__ - ERROR - Failed to download data: 401 Client Error: Unauthorized for url: https://api.kaggle.com/v1/competitions.CompetitionApiService/DownloadDataFiles
2026-01-10 14:06:50,769 - __main__ - INFO - Unzipping files ...
2026-01-10 14:10:08,641 - __main__ - INFO - Kaggle API authenticated
2026-01-10 14:10:08,642 - __main__ - INFO - Created directory: data
2026-01-10 14:10:08,642 - __main__ - INFO - Downloading data to data ...
2026-01-10 14:11:21,323 - __main__ - INFO - Download complete
2026-01-10 14:11:21,323 - __main__ - INFO - Unzipping files ...
2026-01-10 14:11:22,785 - __main__ - INFO - Extracted: quora-question-pairs.zip
2026-01-10 14:11:22,786 - __main__ - INFO - Renamed initial test.csv to final.csv
2026-01-10 14:11:22,786 - __main__ - INFO - Extracting the datasets ...
2026-01-10 14:11:24,347 - __main__ - INFO - Extracted: quora-question-pairs.zip
2026-01-10 14:11:24,406 - __main__ - INFO - Extracted: sample_submission.csv.zip
2026-01-10 14:11:26,257 - __main__ - INFO - Extracted: test.csv.zip
2026-01-10 14:11:26,523 - __main__ - INFO - Extracted: train.csv.zip
2026-01-10 14:11:26,523 - __main__ - INFO - downloading process completed successfully
2026-01-13 17:01:28,343 - __main__ - INFO - Kaggle API authenticated
2026-01-13 17:01:28,344 - __main__ - INFO - Created directory: data
2026-01-13 17:01:28,344 - __main__ - INFO - Downloading data to data ...
2026-01-13 17:02:36,435 - __main__ - INFO - Download complete
2026-01-13 17:02:36,435 - __main__ - INFO - Unzipping files ...
2026-01-13 17:02:37,897 - __main__ - INFO - Extracted: quora-question-pairs.zip
2026-01-13 17:02:37,899 - __main__ - INFO - Renamed initial test.csv to final.csv
2026-01-13 17:02:37,899 - __main__ - INFO - Extracting the datasets ...
2026-01-13 17:02:39,461 - __main__ - INFO - Extracted: quora-question-pairs.zip
2026-01-13 17:02:39,526 - __main__ - INFO - Extracted: sample_submission.csv.zip
2026-01-13 17:02:41,527 - __main__ - INFO - Extracted: test.csv.zip
2026-01-13 17:02:41,771 - __main__ - INFO - Extracted: train.csv.zip
2026-01-13 17:02:41,772 - __main__ - INFO - downloading process completed successfully
2026-01-13 18:39:25,219 - __main__ - INFO - Kaggle API authenticated
2026-01-13 18:39:25,220 - __main__ - INFO - Created directory: data
2026-01-13 18:39:25,220 - __main__ - INFO - Downloading data to data ...
2026-01-13 18:40:43,465 - __main__ - INFO - Download complete
2026-01-13 18:40:43,465 - __main__ - INFO - Unzipping files ...
2026-01-13 18:40:44,969 - __main__ - INFO - Extracted: quora-question-pairs.zip
2026-01-13 18:40:44,970 - __main__ - INFO - Renamed initial test.csv to final.csv
2026-01-13 18:40:44,970 - __main__ - INFO - Extracting the datasets ...
2026-01-13 18:40:46,529 - __main__ - INFO - Extracted: quora-question-pairs.zip
2026-01-13 18:40:46,589 - __main__ - INFO - Extracted: sample_submission.csv.zip
2026-01-13 18:40:48,603 - __main__ - INFO - Extracted: test.csv.zip
2026-01-13 18:40:48,861 - __main__ - INFO - Extracted: train.csv.zip
2026-01-13 18:40:48,862 - __main__ - INFO - downloading process completed successfully
2026-01-16 12:48:45,411 - __main__ - INFO - Kaggle API authenticated
2026-01-16 12:48:45,412 - __main__ - INFO - Created directory: data
2026-01-16 12:48:45,412 - __main__ - INFO - Downloading data to data ...
2026-01-16 12:48:46,175 - __main__ - ERROR - Failed to download data: 401 Client Error: Unauthorized for url: https://api.kaggle.com/v1/competitions.CompetitionApiService/DownloadDataFiles
2026-01-16 12:48:46,177 - __main__ - INFO - Unzipping files ...
2026-01-16 12:49:24,839 - __main__ - INFO - Kaggle API authenticated
2026-01-16 12:49:24,839 - __main__ - INFO - Created directory: data
2026-01-16 12:49:24,839 - __main__ - INFO - Downloading data to data ...
2026-01-16 12:49:25,605 - __main__ - ERROR - Failed to download data: 401 Client Error: Unauthorized for url: https://api.kaggle.com/v1/competitions.CompetitionApiService/DownloadDataFiles
2026-01-16 12:49:25,607 - __main__ - INFO - Unzipping files ...
2026-01-16 12:50:04,781 - __main__ - INFO - Kaggle API authenticated
2026-01-16 12:50:04,782 - __main__ - INFO - Created directory: data
2026-01-16 12:50:04,782 - __main__ - INFO - Downloading data to data ...
2026-01-16 12:51:48,502 - __main__ - INFO - Download complete
2026-01-16 12:51:48,502 - __main__ - INFO - Unzipping files ...
2026-01-16 12:51:51,218 - __main__ - INFO - Extracted: quora-question-pairs.zip
2026-01-16 12:51:51,219 - __main__ - INFO - Renamed initial test.csv to final.csv
2026-01-16 12:51:51,220 - __main__ - INFO - Extracting the datasets ...
2026-01-16 12:51:53,681 - __main__ - INFO - Extracted: quora-question-pairs.zip
2026-01-16 12:51:53,768 - __main__ - INFO - Extracted: sample_submission.csv.zip
2026-01-16 12:51:56,652 - __main__ - INFO - Extracted: test.csv.zip
2026-01-16 12:51:57,031 - __main__ - INFO - Extracted: train.csv.zip
2026-01-16 12:51:57,031 - __main__ - INFO - downloading process completed successfully
2026-01-17 19:17:53,689 - __main__ - INFO - Kaggle API authenticated
2026-01-17 19:17:53,690 - __main__ - INFO - Created directory: data
2026-01-17 19:17:53,690 - __main__ - INFO - Downloading data to data ...
2026-01-17 19:19:15,198 - __main__ - INFO - Download complete
2026-01-17 19:19:15,198 - __main__ - INFO - Unzipping files ...
2026-01-17 19:19:17,503 - __main__ - INFO - Extracted: quora-question-pairs.zip
2026-01-17 19:19:17,504 - __main__ - INFO - Renamed initial test.csv to final.csv
2026-01-17 19:19:17,504 - __main__ - INFO - Extracting the datasets ...
2026-01-17 19:19:19,872 - __main__ - INFO - Extracted: quora-question-pairs.zip
2026-01-17 19:19:19,945 - __main__ - INFO - Extracted: sample_submission.csv.zip
2026-01-17 19:19:22,752 - __main__ - INFO - Extracted: test.csv.zip
2026-01-17 19:19:23,098 - __main__ - INFO - Extracted: train.csv.zip
2026-01-17 19:19:23,098 - __main__ - INFO - downloading process completed successfully
2026-01-28 21:44:02,456 - get_data - INFO - Kaggle API authenticated
2026-01-28 21:44:02,458 - get_data - INFO - Created directory: data
2026-01-28 21:44:02,458 - get_data - INFO - Downloading data to data ...
2026-01-28 21:44:40,094 - get_data - INFO - Kaggle API authenticated
2026-01-28 21:44:40,095 - get_data - INFO - Created directory: data
2026-01-28 21:44:40,095 - get_data - INFO - Downloading data to data ...
2026-01-28 21:45:54,978 - get_data - INFO - Download complete
2026-01-28 21:45:54,978 - get_data - INFO - Unzipping files ...
2026-01-28 21:45:57,190 - get_data - INFO - Extracted: quora-question-pairs.zip
2026-01-28 21:45:57,191 - get_data - INFO - Renamed initial test.csv to final.csv
2026-01-28 21:45:57,191 - get_data - INFO - Extracting the datasets ...
2026-01-28 21:45:59,416 - get_data - INFO - Extracted: quora-question-pairs.zip
2026-01-28 21:45:59,485 - get_data - INFO - Extracted: sample_submission.csv.zip
2026-01-28 21:46:02,138 - get_data - INFO - Extracted: test.csv.zip
2026-01-28 21:46:02,473 - get_data - INFO - Extracted: train.csv.zip
2026-01-28 22:18:11,490 - get_data - INFO - Kaggle API authenticated
2026-01-28 22:18:11,491 - get_data - INFO - Created directory: data
2026-01-28 22:18:11,491 - get_data - INFO - Downloading data to data ...
2026-01-28 22:19:20,739 - get_data - INFO - Download complete
2026-01-28 22:19:20,740 - get_data - INFO - Unzipping files ...
2026-01-28 22:19:22,998 - get_data - INFO - Extracted: quora-question-pairs.zip
2026-01-28 22:19:22,999 - get_data - INFO - Renamed initial test.csv to final.csv
2026-01-28 22:19:22,999 - get_data - INFO - Extracting the datasets ...
2026-01-28 22:19:25,287 - get_data - INFO - Extracted: quora-question-pairs.zip
2026-01-28 22:19:25,358 - get_data - INFO - Extracted: sample_submission.csv.zip
2026-01-28 22:19:28,069 - get_data - INFO - Extracted: test.csv.zip
2026-01-28 22:19:28,417 - get_data - INFO - Extracted: train.csv.zip
