2026-01-18 15:52:38,456 - __main__ - INFO - Embedded data loaded from data.csv
2026-01-18 15:52:38,469 - __main__ - INFO - Features and target class variables set
2026-01-18 15:52:38,660 - __main__ - INFO - Stratified data split done
2026-01-18 15:52:40,093 - __main__ - INFO - base xgboost model initialized
2026-01-18 15:52:40,093 - __main__ - INFO - Random search running on search_space ...
2026-01-18 15:54:43,242 - __main__ - INFO - Embedded data loaded from data.csv
2026-01-18 15:54:43,256 - __main__ - INFO - Features and target class variables set
2026-01-18 15:54:43,453 - __main__ - INFO - Stratified data split done
2026-01-18 15:54:45,973 - __main__ - INFO - base xgboost model initialized
2026-01-18 15:54:45,973 - __main__ - INFO - Random search running on search_space ...
2026-01-18 15:57:26,576 - __main__ - INFO - Embedded data loaded from data.csv
2026-01-18 15:57:26,591 - __main__ - INFO - Features and target class variables set
2026-01-18 15:57:26,797 - __main__ - INFO - Stratified data split done
2026-01-18 15:57:29,385 - __main__ - INFO - base xgboost model initialized
2026-01-18 15:57:29,386 - __main__ - INFO - Random search running on search_space ...
2026-01-18 16:07:20,022 - __main__ - INFO - Embedded data loaded from data.csv
2026-01-18 16:07:20,036 - __main__ - INFO - Features and target class variables set
2026-01-18 16:07:20,234 - __main__ - INFO - Stratified data split done
2026-01-18 16:07:22,721 - __main__ - INFO - base xgboost model initialized
2026-01-18 16:07:22,721 - __main__ - INFO - Random search running on search_space ...
2026-01-18 16:27:00,776 - __main__ - INFO - grid_params set based on random search's best params
2026-01-18 16:27:00,776 - __main__ - INFO - Grid search running on grid_params
2026-01-18 16:34:48,062 - __main__ - INFO - MLflow run complete. Metrics: {'log_loss': 0.2764211495148867, 'f1_score': 0.830285627928064, 'roc_auc': 0.9489436472799739, 'precision': 0.8324242424242424, 'recall': 0.8281579740729574}
2026-01-18 16:34:48,337 - __main__ - INFO - Model saved locally to xgboost.json
2026-01-18 16:34:48,337 - __main__ - INFO - model training pipeline completed succesfully
2026-01-28 21:51:43,148 - train_model - INFO - Embedded data loaded from data.csv
2026-01-28 21:51:43,163 - train_model - INFO - Features and target class variables set
2026-01-28 21:51:43,371 - train_model - INFO - Stratified data split done
2026-01-28 21:51:43,373 - train_model - INFO - Base xgboost model initialized
2026-01-28 21:51:43,373 - train_model - INFO - Random search running on search_space ...
2026-01-28 22:06:34,286 - train_model - INFO - grid_params set based on random search's best params
2026-01-28 22:06:34,286 - train_model - INFO - Grid search running on grid_params ...
2026-01-28 22:12:31,353 - train_model - INFO - MLflow run complete. Metrics: {'log_loss': 0.2764211495148867, 'f1_score': 0.830285627928064, 'roc_auc': 0.9489436472799739, 'precision': 0.8324242424242424, 'recall': 0.8281579740729574}
2026-01-28 22:24:58,329 - train_model - INFO - Embedded data loaded from data.csv
2026-01-28 22:24:58,343 - train_model - INFO - Features and target class variables set
2026-01-28 22:24:58,552 - train_model - INFO - Stratified data split done
2026-01-28 22:24:58,554 - train_model - INFO - Base xgboost model initialized
2026-01-28 22:24:58,554 - train_model - INFO - Random search running on search_space ...
2026-01-28 22:39:15,664 - train_model - INFO - grid_params set based on random search's best params
2026-01-28 22:39:15,665 - train_model - INFO - Grid search running on grid_params ...
2026-01-28 22:45:05,066 - train_model - INFO - MLflow run complete. Metrics: {'log_loss': 0.2764211495148867, 'f1_score': 0.830285627928064, 'roc_auc': 0.9489436472799739, 'precision': 0.8324242424242424, 'recall': 0.8281579740729574}
2026-01-28 22:45:05,356 - train_model - INFO - Model saved locally to xgboost.json
